<area shape="rect" href="$class_object.html" title="Object" alt="" coords="5,183,67,209">
<area shape="rect" href="$class_map_site.html" title="MapSite" alt="" coords="131,56,200,83">
<area shape="rect" href="$class_maze.html" title="Maze" alt="" coords="139,107,192,133">
<area shape="rect" href="$class_maze_factory.html" title="MazeFactory" alt="" coords="116,157,215,184">
<area shape="rect" href="$class_maze_game.html" title="MazeGame" alt="" coords="120,208,211,235">
<area shape="rect" href="$class_object_array.html" title="ObjectArray" alt="" coords="119,259,212,285">
<area shape="rect" href="$class_object_link.html" title="ObjectLink" alt="" coords="123,309,208,336">
<area shape="rect" href="$class_door.html" title="Door" alt="" coords="313,5,364,32">
<area shape="rect" href="$class_room.html" title="Room" alt="" coords="311,56,367,83">
<area shape="rect" href="$class_wall.html" title="Wall" alt="" coords="315,107,363,133">
<area shape="rect" href="$class_bombed_wall.html" title="BombedWall" alt="" coords="463,107,559,133">
<area shape="rect" href="$class_bombed_maze_factory.html" title="BombedMazeFactory" alt="" coords="264,157,413,184">
