<area shape="rect" href="$_object_8h.html" title="Object.h" alt="" coords="500,80,572,107">
<area shape="rect" href="$_bombed_wall_8cpp.html" title="BombedWall.cpp" alt="" coords="535,379,657,405">
<area shape="rect" href="$_wall_8cpp.html" title="Wall.cpp" alt="" coords="1124,304,1199,331">
<area shape="rect" href="$_room_8h.html" title="Room.h" alt="" coords="419,229,488,256">
<area shape="rect" href="$global_8cpp.html" title="global.cpp" alt="" coords="1280,80,1363,107">
<area shape="rect" href="$_maze_factory_8h.html" title="MazeFactory.h" alt="" coords="817,155,927,181">
<area shape="rect" href="$_map_site_8h.html" title="MapSite.h" alt="" coords="604,155,687,181">
<area shape="rect" href="$_maze_game_8h.html" title="MazeGame.h" alt="" coords="992,229,1093,256">
<area shape="rect" href="$_object_array_8h.html" title="ObjectArray.h" alt="" coords="71,155,175,181">
<area shape="rect" href="$_object_array_8cpp.html" title="ObjectArray.cpp" alt="" coords="144,229,261,256">
<area shape="rect" href="$_object_8cpp.html" title="Object.cpp" alt="" coords="493,155,579,181">
<area shape="rect" href="$_object_link_8h.html" title="ObjectLink.h" alt="" coords="292,155,388,181">
<area shape="rect" href="$_bombed_maze_factory_8h.html" title="BombedMazeFactory.h" alt="" coords="1280,229,1440,256">
<area shape="rect" href="$_singleton_8h.html" title="Singleton.h" alt="" coords="1117,229,1205,256">
<area shape="rect" href="$_maze_factory_8cpp.html" title="MazeFactory.cpp" alt="" coords="596,304,721,331">
<area shape="rect" href="$_maze_game_8cpp.html" title="MazeGame.cpp" alt="" coords="745,304,860,331">
<area shape="rect" href="$_bombed_maze_factory_8cpp.html" title="BombedMazeFactory.cpp" alt="" coords="1061,379,1235,405">
<area shape="rect" href="$singleton_8cpp.html" title="singleton.cpp" alt="" coords="1223,304,1321,331">
<area shape="rect" href="$_driver_8cpp.html" title="Driver.cpp" alt="" coords="1017,304,1100,331">
<area shape="rect" href="$_wall_8h.html" title="Wall.h" alt="" coords="909,229,968,256">
<area shape="rect" href="$_door_8h.html" title="Door.h" alt="" coords="512,229,573,256">
<area shape="rect" href="$_maze_8h.html" title="Maze.h" alt="" coords="717,229,784,256">
<area shape="rect" href="$_map_site_8cpp.html" title="MapSite.cpp" alt="" coords="597,229,693,256">
<area shape="rect" href="$_bombed_wall_8h.html" title="BombedWall.h" alt="" coords="884,304,993,331">
<area shape="rect" href="$_door_8cpp.html" title="Door.cpp" alt="" coords="497,304,572,331">
<area shape="rect" href="$_maze_8cpp.html" title="Maze.cpp" alt="" coords="393,304,473,331">
<area shape="rect" href="$_room_8cpp.html" title="Room.cpp" alt="" coords="165,304,248,331">
<area shape="rect" href="$_object_link_8cpp.html" title="ObjectLink.cpp" alt="" coords="285,229,395,256">
